[    0.000000] Initializing cgroup subsys cpuset
[    0.000000] Initializing cgroup subsys cpu
[    0.000000] Initializing cgroup subsys cpuacct
[    0.000000] Linux version 4.4.0-210-generic (buildd@lgw01-amd64-009) (gcc version 5.4.0 20160609 (Ubuntu 5.4.0-6ubuntu1~16.04.12) ) #242-Ubuntu SMP Fri Apr 16 09:57:56 UTC 2021 (Ubuntu 4.4.0-210.242-generic 4.4.262)
[    0.000000] Command line: BOOT_IMAGE=/boot/vmlinuz-4.4.0-210-generic root=LABEL=cloudimg-rootfs ro console=tty1 console=ttyS0
[    0.000000] KERNEL supported cpus:
[    0.000000]   Intel GenuineIntel
[    0.000000]   AMD AuthenticAMD
[    0.000000]   Centaur CentaurHauls
[    0.000000] x86/fpu: Legacy x87 FPU detected.
[    0.000000] e820: BIOS-provided physical RAM map:
[    0.000000] BIOS-e820: [mem 0x0000000000000000-0x000000000009fbff] usable
[    0.000000] BIOS-e820: [mem 0x000000000009fc00-0x000000000009ffff] reserved
[    0.000000] BIOS-e820: [mem 0x00000000000f0000-0x00000000000fffff] reserved
[    0.000000] BIOS-e820: [mem 0x0000000000100000-0x00000000dffeffff] usable
[    0.000000] BIOS-e820: [mem 0x00000000dfff0000-0x00000000dfffffff] ACPI data
[    0.000000] BIOS-e820: [mem 0x00000000fec00000-0x00000000fec00fff] reserved
[    0.000000] BIOS-e820: [mem 0x00000000fee00000-0x00000000fee00fff] reserved
[    0.000000] BIOS-e820: [mem 0x00000000fffc0000-0x00000000ffffffff] reserved
[    0.000000] BIOS-e820: [mem 0x0000000100000000-0x000000011fffffff] usable
[    0.000000] NX (Execute Disable) protection: active
[    0.000000] SMBIOS 2.5 present.
[    0.000000] Hypervisor detected: KVM
[    0.000000] e820: last_pfn = 0x120000 max_arch_pfn = 0x400000000
[    0.000000] MTRR: Disabled
[    0.000000] x86/PAT: MTRRs disabled, skipping PAT initialization too.
[    0.000000] CPU MTRRs all blank - virtualized system.
[    0.000000] x86/PAT: Configuration [0-7]: WB  WT  UC- UC  WB  WT  UC- UC  
[    0.000000] e820: last_pfn = 0xdfff0 max_arch_pfn = 0x400000000
[    0.000000] found SMP MP-table at [mem 0x0009fff0-0x0009ffff] mapped at [ffff88000009fff0]
[    0.000000] Scanning 1 areas for low memory corruption
[    0.000000] RAMDISK: [mem 0x362dc000-0x37165fff]
[    0.000000] ACPI: Early table checksum verification disabled
[    0.000000] ACPI: RSDP 0x00000000000E0000 000024 (v02 VBOX  )
[    0.000000] ACPI: XSDT 0x00000000DFFF0030 00003C (v01 VBOX   VBOXXSDT 00000001 ASL  00000061)
[    0.000000] ACPI: FACP 0x00000000DFFF00F0 0000F4 (v04 VBOX   VBOXFACP 00000001 ASL  00000061)
[    0.000000] ACPI: DSDT 0x00000000DFFF0610 002353 (v02 VBOX   VBOXBIOS 00000002 INTL 20100528)
[    0.000000] ACPI: FACS 0x00000000DFFF0200 000040
[    0.000000] ACPI: FACS 0x00000000DFFF0200 000040
[    0.000000] ACPI: APIC 0x00000000DFFF0240 00005C (v02 VBOX   VBOXAPIC 00000001 ASL  00000061)
[    0.000000] ACPI: SSDT 0x00000000DFFF02A0 00036C (v01 VBOX   VBOXCPUT 00000002 INTL 20100528)
[    0.000000] No NUMA configuration found
[    0.000000] Faking a node at [mem 0x0000000000000000-0x000000011fffffff]
[    0.000000] NODE_DATA(0) allocated [mem 0x11fff7000-0x11fffbfff]
[    0.000000] kvm-clock: Using msrs 4b564d01 and 4b564d00
[    0.000000] kvm-clock: cpu 0, msr 1:1ffef001, primary cpu clock
[    0.000000] kvm-clock: using sched offset of 4440494890 cycles
[    0.000000] clocksource: kvm-clock: mask: 0xffffffffffffffff max_cycles: 0x1cd42e4dffb, max_idle_ns: 881590591483 ns
[    0.000000] Zone ranges:
[    0.000000]   DMA      [mem 0x0000000000001000-0x0000000000ffffff]
[    0.000000]   DMA32    [mem 0x0000000001000000-0x00000000ffffffff]
[    0.000000]   Normal   [mem 0x0000000100000000-0x000000011fffffff]
[    0.000000]   Device   empty
[    0.000000] Movable zone start for each node
[    0.000000] Early memory node ranges
[    0.000000]   node   0: [mem 0x0000000000001000-0x000000000009efff]
[    0.000000]   node   0: [mem 0x0000000000100000-0x00000000dffeffff]
[    0.000000]   node   0: [mem 0x0000000100000000-0x000000011fffffff]
[    0.000000] Initmem setup node 0 [mem 0x0000000000001000-0x000000011fffffff]
[    0.000000] ACPI: PM-Timer IO Port: 0x4008
[    0.000000] IOAPIC[0]: apic_id 2, version 32, address 0xfec00000, GSI 0-23
[    0.000000] ACPI: INT_SRC_OVR (bus 0 bus_irq 0 global_irq 2 dfl dfl)
[    0.000000] ACPI: INT_SRC_OVR (bus 0 bus_irq 9 global_irq 9 low level)
[    0.000000] Using ACPI (MADT) for SMP configuration information
[    0.000000] smpboot: Allowing 2 CPUs, 0 hotplug CPUs
[    0.000000] PM: Registered nosave memory: [mem 0x00000000-0x00000fff]
[    0.000000] PM: Registered nosave memory: [mem 0x0009f000-0x0009ffff]
[    0.000000] PM: Registered nosave memory: [mem 0x000a0000-0x000effff]
[    0.000000] PM: Registered nosave memory: [mem 0x000f0000-0x000fffff]
[    0.000000] PM: Registered nosave memory: [mem 0xdfff0000-0xdfffffff]
[    0.000000] PM: Registered nosave memory: [mem 0xe0000000-0xfebfffff]
[    0.000000] PM: Registered nosave memory: [mem 0xfec00000-0xfec00fff]
[    0.000000] PM: Registered nosave memory: [mem 0xfec01000-0xfedfffff]
[    0.000000] PM: Registered nosave memory: [mem 0xfee00000-0xfee00fff]
[    0.000000] PM: Registered nosave memory: [mem 0xfee01000-0xfffbffff]
[    0.000000] PM: Registered nosave memory: [mem 0xfffc0000-0xffffffff]
[    0.000000] e820: [mem 0xe0000000-0xfebfffff] available for PCI devices
[    0.000000] Booting paravirtualized kernel on KVM
[    0.000000] clocksource: refined-jiffies: mask: 0xffffffff max_cycles: 0xffffffff, max_idle_ns: 7645519600211568 ns
[    0.000000] setup_percpu: NR_CPUS:512 nr_cpumask_bits:512 nr_cpu_ids:2 nr_node_ids:1
[    0.000000] PERCPU: Embedded 33 pages/cpu @ffff88011fc00000 s95192 r8192 d31784 u1048576
[    0.000000] Built 1 zonelists in Node order, mobility grouping on.  Total pages: 1032056
[    0.000000] Policy zone: Normal
[    0.000000] Kernel command line: BOOT_IMAGE=/boot/vmlinuz-4.4.0-210-generic root=LABEL=cloudimg-rootfs ro console=tty1 console=ttyS0
[    0.000000] PID hash table entries: 4096 (order: 3, 32768 bytes)
[    0.000000] Memory: 4028304K/4193848K available (8644K kernel code, 1332K rwdata, 4044K rodata, 1492K init, 1164K bss, 165544K reserved, 0K cma-reserved)
[    0.000000] SLUB: HWalign=64, Order=0-3, MinObjects=0, CPUs=2, Nodes=1
[    0.000000] Kernel/User page tables isolation: enabled
[    0.000000] Hierarchical RCU implementation.
[    0.000000] 	Build-time adjustment of leaf fanout to 64.
[    0.000000] 	RCU restricting CPUs from NR_CPUS=512 to nr_cpu_ids=2.
[    0.000000] RCU: Adjusting geometry for rcu_fanout_leaf=64, nr_cpu_ids=2
[    0.000000] NR_IRQS:33024 nr_irqs:440 16
[    0.000000] Console: colour VGA+ 80x25
[    0.000000] console [tty1] enabled
[    0.000000] console [ttyS0] enabled
[    0.000000] tsc: Detected 3092.972 MHz processor
[    1.482738] Calibrating delay loop (skipped) preset value.. 6185.94 BogoMIPS (lpj=12371888)
[    1.493963] pid_max: default: 32768 minimum: 301
[    1.500283] ACPI: Core revision 20150930
[    1.506949] ACPI: 2 ACPI AML tables successfully acquired and loaded
[    1.516557] Security Framework initialized
[    1.521974] Yama: becoming mindful.
[    1.530447] AppArmor: AppArmor initialized
[    1.537057] Dentry cache hash table entries: 524288 (order: 10, 4194304 bytes)
[    1.576302] Inode-cache hash table entries: 262144 (order: 9, 2097152 bytes)
[    1.603405] Mount-cache hash table entries: 8192 (order: 4, 65536 bytes)
[    1.617995] Mountpoint-cache hash table entries: 8192 (order: 4, 65536 bytes)
[    1.635913] Initializing cgroup subsys io
[    1.645697] Initializing cgroup subsys memory
[    1.652725] Initializing cgroup subsys devices
[    1.658631] Initializing cgroup subsys freezer
[    1.667539] Initializing cgroup subsys net_cls
[    1.678115] Initializing cgroup subsys perf_event
[    1.686542] Initializing cgroup subsys net_prio
[    1.696320] Initializing cgroup subsys hugetlb
[    1.703301] Initializing cgroup subsys pids
[    1.714867] mce: CPU supports 0 MCE banks
[    1.723952] Last level iTLB entries: 4KB 512, 2MB 8, 4MB 8
[    1.738320] Last level dTLB entries: 4KB 512, 2MB 32, 4MB 32, 1GB 0
[    1.751761] Spectre V1 : Mitigation: usercopy/swapgs barriers and __user pointer sanitization
[    1.766460] Spectre V2 : Mitigation: Full generic retpoline
[    1.777423] Spectre V2 : Spectre v2 / SpectreRSB mitigation: Filling RSB on context switch
[    1.794987] Speculative Store Bypass: Vulnerable
[    1.804125] SRBDS: Unknown: Dependent on hypervisor status
[    1.817970] MDS: Mitigation: Clear CPU buffers
[    1.887749] Freeing SMP alternatives memory: 36K
[    2.017412] ftrace: allocating 32380 entries in 127 pages
[    2.895446] smpboot: APIC(0) Converting physical 0 to logical package 0
[    2.910640] smpboot: Max logical packages: 1
[    2.943500] ..TIMER: vector=0x30 apic1=0 pin1=2 apic2=-1 pin2=-1
[    3.062163] smpboot: CPU0: Intel(R) Core(TM) i5-3350P CPU @ 3.10GHz (family: 0x6, model: 0x3a, stepping: 0x9)
[    3.079799] Performance Events: unsupported p6 CPU model 58 no PMU driver, software events only.
[    3.225547] KVM setup paravirtual spinlock
[    3.235574] x86: Booting SMP configuration:
[    3.242654] .... node  #0, CPUs:      #1
[    3.253252] kvm-clock: cpu 1, msr 1:1ffef041, secondary cpu clock
[    3.260242] mce: CPU supports 0 MCE banks
[    3.266278] TSC synchronization [CPU#0 -> CPU#1]:
[    3.273576] Measured 102058 cycles TSC warp between CPUs, turning off TSC clock.
[    3.284733] tsc: Marking TSC unstable due to check_tsc_sync_source failed
[    0.697560] x86: Booted up 1 node, 2 CPUs
[    0.700009] smpboot: Total of 2 processors activated (12371.88 BogoMIPS)
[    0.708968] devtmpfs: initialized
[    0.714854] evm: security.selinux
[    0.716017] evm: security.SMACK64
[    0.720010] evm: security.SMACK64EXEC
[    0.724004] evm: security.SMACK64TRANSMUTE
[    0.728011] evm: security.SMACK64MMAP
[    0.732007] evm: security.ima
[    0.736003] evm: security.capability
[    0.744369] clocksource: jiffies: mask: 0xffffffff max_cycles: 0xffffffff, max_idle_ns: 7645041785100000 ns
[    0.748030] futex hash table entries: 512 (order: 3, 32768 bytes)
[    0.752545] pinctrl core: initialized pinctrl subsystem
[    0.760662] RTC time:  9:30:26, date: 01/26/23
[    0.765728] NET: Registered protocol family 16
[    0.780010] cpuidle: using governor ladder
[    0.796011] cpuidle: using governor menu
[    0.800181] PCCT header not found.
[    0.804090] ACPI: bus type PCI registered
[    0.808004] acpiphp: ACPI Hot Plug PCI Controller Driver version: 0.5
[    0.816190] PCI: Using configuration type 1 for base access
[    0.844499] ACPI: Added _OSI(Module Device)
[    0.848008] ACPI: Added _OSI(Processor Device)
[    0.852010] ACPI: Added _OSI(3.0 _SCP Extensions)
[    0.856008] ACPI: Added _OSI(Processor Aggregator Device)
[    0.864578] ACPI: Executed 1 blocks of module-level executable AML code
[    0.881031] ACPI: Interpreter enabled
[    0.888044] ACPI: (supports S0 S5)
[    0.892006] ACPI: Using IOAPIC for interrupt routing
[    0.896501] PCI: Using host bridge windows from ACPI; if necessary, use "pci=nocrs" and report a bug
[    0.914366] ACPI: PCI Root Bridge [PCI0] (domain 0000 [bus 00-ff])
[    0.916018] acpi PNP0A03:00: _OSC: OS supports [ASPM ClockPM Segments MSI]
[    0.920888] acpi PNP0A03:00: _OSC: not requesting OS control; OS requires [ExtendedConfig ASPM ClockPM MSI]
[    0.924024] acpi PNP0A03:00: fail to add MMCONFIG information, can't access extended PCI configuration space under this bridge.
[    0.929324] PCI host bridge to bus 0000:00
[    0.932011] pci_bus 0000:00: root bus resource [io  0x0000-0x0cf7 window]
[    0.936014] pci_bus 0000:00: root bus resource [io  0x0d00-0xffff window]
[    0.940011] pci_bus 0000:00: root bus resource [mem 0x000a0000-0x000bffff window]
[    0.944012] pci_bus 0000:00: root bus resource [mem 0xe0000000-0xfdffffff window]
[    0.948011] pci_bus 0000:00: root bus resource [bus 00-ff]
[    0.962736] pci 0000:00:01.1: legacy IDE quirk: reg 0x10: [io  0x01f0-0x01f7]
[    0.964011] pci 0000:00:01.1: legacy IDE quirk: reg 0x14: [io  0x03f6]
[    0.968010] pci 0000:00:01.1: legacy IDE quirk: reg 0x18: [io  0x0170-0x0177]
[    0.972011] pci 0000:00:01.1: legacy IDE quirk: reg 0x1c: [io  0x0376]
[    1.004754] pci 0000:00:07.0: quirk: [io  0x4000-0x403f] claimed by PIIX4 ACPI
[    1.008061] pci 0000:00:07.0: quirk: [io  0x4100-0x410f] claimed by PIIX4 SMB
[    1.025001] ACPI: PCI Interrupt Link [LNKA] (IRQs 5 9 10 *11)
[    1.038258] ACPI: PCI Interrupt Link [LNKB] (IRQs 5 9 *10 11)
[    1.052309] ACPI: PCI Interrupt Link [LNKC] (IRQs 5 *9 10 11)
[    1.066131] ACPI: PCI Interrupt Link [LNKD] (IRQs 5 9 10 *11)
[    1.080412] ACPI: Enabled 2 GPEs in block 00 to 07
[    1.084338] vgaarb: setting as boot device: PCI:0000:00:02.0
[    1.088000] vgaarb: device added: PCI:0000:00:02.0,decodes=io+mem,owns=io+mem,locks=none
[    1.088014] vgaarb: loaded
[    1.092007] vgaarb: bridge control possible 0000:00:02.0
[    1.096606] SCSI subsystem initialized
[    1.104223] ACPI: bus type USB registered
[    1.108054] usbcore: registered new interface driver usbfs
[    1.112086] usbcore: registered new interface driver hub
[    1.116031] usbcore: registered new device driver usb
[    1.120730] PCI: Using ACPI for IRQ routing
[    1.125198] NetLabel: Initializing
[    1.128007] NetLabel:  domain hash size = 128
[    1.132005] NetLabel:  protocols = UNLABELED CIPSOv4
[    1.136025] NetLabel:  unlabeled traffic allowed by default
[    1.140209] amd_nb: Cannot enumerate AMD northbridges
[    1.144867] clocksource: Switched to clocksource kvm-clock
[    1.170609] AppArmor: AppArmor Filesystem Enabled
[    1.170609] pnp: PnP ACPI init
[    1.170609] pnp: PnP ACPI: found 3 devices
[    1.268622] clocksource: acpi_pm: mask: 0xffffff max_cycles: 0xffffff, max_idle_ns: 2085701024 ns
[    1.272520] NET: Registered protocol family 2
[    1.288899] TCP established hash table entries: 32768 (order: 6, 262144 bytes)
[    1.300866] TCP bind hash table entries: 32768 (order: 7, 524288 bytes)
[    1.303509] TCP: Hash tables configured (established 32768 bind 32768)
[    1.303509] UDP hash table entries: 2048 (order: 4, 65536 bytes)
[    1.303509] UDP-Lite hash table entries: 2048 (order: 4, 65536 bytes)
[    1.303509] NET: Registered protocol family 1
[    1.303509] pci 0000:00:00.0: Limiting direct PCI/PCI transfers
[    1.303509] pci 0000:00:01.0: Activating ISA DMA hang workarounds
[    1.303509] Unpacking initramfs...
[    1.837985] Freeing initrd memory: 14888K
[    1.852333] PCI-DMA: Using software bounce buffering for IO (SWIOTLB)
[    1.867712] software IO TLB: mapped [mem 0xdbff0000-0xdfff0000] (64MB)
[    1.882778] RAPL PMU detected, API unit is 2^-32 Joules, 3 fixed counters 10737418240 ms ovfl timer
[    1.897082] hw unit of domain pp0-core 2^-0 Joules
[    1.904529] hw unit of domain package 2^-0 Joules
[    1.917533] hw unit of domain pp1-gpu 2^-0 Joules
[    1.925000] clocksource: tsc: mask: 0xffffffffffffffff max_cycles: 0x2c955856658, max_idle_ns: 440795256416 ns
[    1.944069] platform rtc_cmos: registered platform RTC device (no PNP device found)
[    1.958743] Scanning for low memory corruption every 60 seconds
[    1.970269] audit: initializing netlink subsys (disabled)
[    1.979976] audit: type=2000 audit(1674725432.614:1): initialized
[    1.989601] Initialise system trusted keyring
[    2.001356] HugeTLB registered 2 MB page size, pre-allocated 0 pages
[    2.013975] zbud: loaded
[    2.021389] VFS: Disk quotas dquot_6.6.0
[    2.027625] VFS: Dquot-cache hash table entries: 512 (order 0, 4096 bytes)
[    2.041013] squashfs: version 4.0 (2009/01/31) Phillip Lougher
[    2.051984] fuse init (API version 7.23)
[    2.059213] Key type big_key registered
[    2.066685] Allocating IMA MOK and blacklist keyrings.
[    2.087134] Key type asymmetric registered
[    2.093254] Asymmetric key parser 'x509' registered
[    2.102123] Block layer SCSI generic (bsg) driver version 0.4 loaded (major 249)
[    2.114384] io scheduler noop registered
[    2.121217] io scheduler deadline registered (default)
[    2.129229] io scheduler cfq registered
[    2.136064] pci_hotplug: PCI Hot Plug PCI Core version: 0.5
[    2.144584] pciehp: PCI Express Hot Plug Controller Driver version: 0.4
[    2.154614] ACPI: AC Adapter [AC] (on-line)
[    2.163868] input: Power Button as /devices/LNXSYSTM:00/LNXPWRBN:00/input/input0
[    2.174848] ACPI: Power Button [PWRF]
[    2.184789] input: Sleep Button as /devices/LNXSYSTM:00/LNXSLPBN:00/input/input1
[    2.195314] ACPI: Sleep Button [SLPF]
[    2.204449] GHES: HEST is not enabled!
[    2.210525] Serial: 8250/16550 driver, 32 ports, IRQ sharing enabled
[    2.263620] 00:02: ttyS0 at I/O 0x3f8 (irq = 4, base_baud = 115200) is a 16550A
[    2.280238] Linux agpgart interface v0.103
[    2.304137] loop: module loaded
[    2.314741] scsi host0: ata_piix
[    2.322720] scsi host1: ata_piix
[    2.328793] ata1: PATA max UDMA/33 cmd 0x1f0 ctl 0x3f6 bmdma 0xd000 irq 14
[    2.339606] ata2: PATA max UDMA/33 cmd 0x170 ctl 0x376 bmdma 0xd008 irq 15
[    2.354083] libphy: Fixed MDIO Bus: probed
[    2.360347] tun: Universal TUN/TAP device driver, 1.6
[    2.372816] tun: (C) 1999-2004 Max Krasnyansky <maxk@qualcomm.com>
[    2.385086] PPP generic driver version 2.4.2
[    2.393671] ehci_hcd: USB 2.0 'Enhanced' Host Controller (EHCI) Driver
[    2.405455] ehci-pci: EHCI PCI platform driver
[    2.417054] ehci-platform: EHCI generic platform driver
[    2.425248] ohci_hcd: USB 1.1 'Open' Host Controller (OHCI) Driver
[    2.438550] ohci-pci: OHCI PCI platform driver
[    2.446279] ohci-platform: OHCI generic platform driver
[    2.456995] uhci_hcd: USB Universal Host Controller Interface driver
[    2.469626] i8042: PNP: PS/2 Controller [PNP0303:PS2K,PNP0f03:PS2M] at 0x60,0x64 irq 1,12
[    2.491271] serio: i8042 KBD port at 0x60,0x64 irq 1
[    2.503292] serio: i8042 AUX port at 0x60,0x64 irq 12
[    2.511205] mousedev: PS/2 mouse device common for all mice
[    2.525771] input: AT Translated Set 2 keyboard as /devices/platform/i8042/serio0/input/input2
[    2.543992] rtc_cmos rtc_cmos: rtc core: registered rtc_cmos as rtc0
[    2.554823] rtc_cmos rtc_cmos: alarms up to one day, 114 bytes nvram
[    2.567613] i2c /dev entries driver
[    2.573213] device-mapper: uevent: version 1.0.3
[    2.619146] device-mapper: ioctl: 4.34.0-ioctl (2015-10-28) initialised: dm-devel@redhat.com
[    2.631621] ledtrig-cpu: registered to indicate activity on CPUs
[    2.641759] NET: Registered protocol family 10
[    2.666153] NET: Registered protocol family 17
[    2.673158] Key type dns_resolver registered
[    2.683784] registered taskstats version 1
[    2.690144] Loading compiled-in X.509 certificates
[    2.701853] Loaded X.509 cert 'Build time autogenerated kernel key: cf00e047681d67edb2720680708b7d9498083038'
[    2.720105] zswap: loaded using pool lzo/zbud
[    2.737527] Key type trusted registered
[    2.757223] Key type encrypted registered
[    2.763444] AppArmor: AppArmor sha1 policy hashing enabled
[    2.772266] ima: No TPM chip found, activating TPM-bypass!
[    2.783763] ima: Allocated hash algorithm: sha1
[    2.790770] evm: HMAC attrs: 0x1
[    2.800854]   Magic number: 7:354:526
[    2.807518] rtc_cmos rtc_cmos: setting system clock to 2023-01-26 09:30:29 UTC (1674725429)
[    2.821840] BIOS EDD facility v0.16 2004-Jun-25, 0 devices found
[    2.831428] EDD information not available.
[    2.841646] Freeing unused kernel memory: 1492K
[    2.849483] Write protecting the kernel read-only data: 14336k
[    2.859368] Freeing unused kernel memory: 1584K
[    2.868144] Freeing unused kernel memory: 52K
Loading, please wait...
starting version 229
[    2.921406] random: systemd-udevd: uninitialized urandom read (16 bytes read, 5 bits of entropy available)
[    2.922711] random: udevadm: uninitialized urandom read (16 bytes read, 5 bits of entropy available)
[    2.922738] random: udevadm: uninitialized urandom read (16 bytes read, 5 bits of entropy available)
[    2.953890] random: udevadm: uninitialized urandom read (16 bytes read, 5 bits of entropy available)
[    2.953996] random: udevadm: uninitialized urandom read (16 bytes read, 5 bits of entropy available)
[    2.954304] random: udevadm: uninitialized urandom read (16 bytes read, 5 bits of entropy available)
[    2.954375] random: udevadm: uninitialized urandom read (16 bytes read, 5 bits of entropy available)
[    2.954505] random: udevadm: uninitialized urandom read (16 bytes read, 5 bits of entropy available)
[    2.954576] random: udevadm: uninitialized urandom read (16 bytes read, 5 bits of entropy available)
[    2.954678] random: udevadm: uninitialized urandom read (16 bytes read, 5 bits of entropy available)
[    3.149730] e1000: Intel(R) PRO/1000 Network Driver - version 7.3.21-k8-NAPI
[    3.152264] e1000: Copyright (c) 1999-2006 Intel Corporation.
[    3.184881] Fusion MPT base driver 3.04.20
[    3.191044] Copyright (c) 1999-2008 LSI Corporation
[    3.220213] Fusion MPT SPI Host driver 3.04.20
[    3.389361] SSE version of gcm_enc/dec engaged.
[    3.580252] input: ImExPS/2 Generic Explorer Mouse as /devices/platform/i8042/serio1/input/input4
[    4.251084] e1000 0000:00:03.0 eth0: (PCI:33MHz:32-bit) 02:be:82:6b:cc:1d
[    4.261144] e1000 0000:00:03.0 eth0: Intel(R) PRO/1000 Network Connection
[    4.275445] mptbase: ioc0: Initiating bringup
[    4.284753] e1000 0000:00:03.0 enp0s3: renamed from eth0
[    4.380170] ioc0: LSI53C1030 A0: Capabilities={Initiator}
[    4.625274] scsi host2: ioc0: LSI53C1030 A0, FwRev=00000000h, Ports=1, MaxQ=256, IRQ=20
[    4.813891] scsi 2:0:0:0: Direct-Access     VBOX     HARDDISK         1.0  PQ: 0 ANSI: 5
[    4.825729] scsi target2:0:0: Beginning Domain Validation
[    4.843208] scsi target2:0:0: Domain Validation skipping write tests
[    4.852564] scsi target2:0:0: Ending Domain Validation
[    4.861380] scsi target2:0:0: asynchronous
[    4.871679] scsi 2:0:1:0: Direct-Access     VBOX     HARDDISK         1.0  PQ: 0 ANSI: 5
[    4.884090] scsi target2:0:1: Beginning Domain Validation
[    4.902129] scsi target2:0:1: Domain Validation skipping write tests
[    4.917362] scsi target2:0:1: Ending Domain Validation
[    4.925724] scsi target2:0:1: asynchronous
[    4.973428] sd 2:0:0:0: Attached scsi generic sg0 type 0
[    4.983340] sd 2:0:0:0: [sda] 83886080 512-byte logical blocks: (42.9 GB/40.0 GiB)
[    4.984085] sd 2:0:1:0: Attached scsi generic sg1 type 0
[    4.985006] sd 2:0:1:0: [sdb] 20480 512-byte logical blocks: (10.5 MB/10.0 MiB)
[    4.985990] sd 2:0:1:0: [sdb] Write Protect is off
[    4.986713] sd 2:0:1:0: [sdb] Incomplete mode parameter data
[    4.986714] sd 2:0:1:0: [sdb] Assuming drive cache: write through
[    5.029757] sd 2:0:1:0: [sdb] Attached SCSI disk
[    5.050840] sd 2:0:0:0: [sda] Write Protect is off
[    5.058838] sd 2:0:0:0: [sda] Incomplete mode parameter data
[    5.068173] sd 2:0:0:0: [sda] Assuming drive cache: write through
[    5.098003]  sda: sda1
[    5.107209] sd 2:0:0:0: [sda] Attached SCSI disk
Begin: Loading essential drivers ... [    7.171082] md: linear personality registered for level -1
[    7.187859] md: multipath personality registered for level -4
[    7.202248] md: raid0 personality registered for level 0
[    7.234405] md: raid1 personality registered for level 1
[    7.400203] raid6: sse2x1   gen()  4366 MB/s
[    7.524632] raid6: sse2x1   xor()  1607 MB/s
[    7.600090] raid6: sse2x2   gen()  5904 MB/s
[    7.672462] raid6: sse2x2   xor()  4199 MB/s
[    7.748496] raid6: sse2x4   gen()  7889 MB/s
[    7.824986] raid6: sse2x4   xor()  7206 MB/s
[    7.833034] raid6: using algorithm sse2x4 gen() 7889 MB/s
[    7.841878] raid6: .... xor() 7206 MB/s, rmw enabled
[    7.852562] raid6: using ssse3x2 recovery algorithm
[    7.869172] xor: measuring software checksum speed
[   10.717513]    prefetch64-sse: -516846.-296 MB/sec
[   12.775646]    generic_sse: -749066.-296 MB/sec
[   12.782667] xor: using function: prefetch64-sse (-516846.-296 MB/sec)
[   12.796212] async_tx: api initialized (async)
[   12.865123] md: raid6 personality registered for level 6
[   12.873375] md: raid5 personality registered for level 5
[   12.881863] md: raid4 personality registered for level 4
[   12.926943] md: raid10 personality registered for level 10
done.
Begin: Running /scripts/init-premount ... done.
Begin: Mounting root file system ... Begin: Running /scripts/local-top ... done.
Begin: Running /scripts/local-premount ... [   13.059282] Btrfs loaded
Scanning for Btrfs filesystems
done.
Warning: fsck not present, so skipping root file system
[   13.168512] EXT4-fs (sda1): mounted filesystem with ordered data mode. Opts: (null)
done.
Begin: Running /scripts/local-bottom ... done.
Begin: Running /scripts/init-bottom ... done.
[   13.837298] systemd[1]: systemd 229 running in system mode. (+PAM +AUDIT +SELINUX +IMA +APPARMOR +SMACK +SYSVINIT +UTMP +LIBCRYPTSETUP +GCRYPT +GNUTLS +ACL +XZ -LZ4 +SECCOMP +BLKID +ELFUTILS +KMOD -IDN)
[   13.860881] systemd[1]: Detected virtualization oracle.
[   13.869213] systemd[1]: Detected architecture x86-64.

Welcome to [1mUbuntu 16.04.7 LTS[0m!

[   14.039356] systemd[1]: Set hostname to <ubuntu-xenial>.
[   14.153549] random: nonblocking pool is initialized
[   15.362420] systemd[1]: Reached target User and Group Name Lookups.
[[0;32m  OK  [0m] Reached target User and Group Name Lookups.
[   15.381518] systemd[1]: Listening on LVM2 poll daemon socket.
[[0;32m  OK  [0m] Listening on LVM2 poll daemon socket.
[   15.400713] systemd[1]: Created slice System Slice.
[[0;32m  OK  [0m] Created slice System Slice.
[   15.417965] systemd[1]: Created slice system-serial\x2dgetty.slice.
[[0;32m  OK  [0m] Created slice system-serial\x2dgetty.slice.
[   15.436698] systemd[1]: Set up automount Arbitrary Executable File Formats File System Automount Point.
[[0;32m  OK  [0m] Set up automount Arbitrary Executab...ats File System Automount Point.
[   15.459454] systemd[1]: Listening on Journal Audit Socket.
[[0;32m  OK  [0m] Listening on Journal Audit Socket.
[   15.476532] systemd[1]: Reached target Swap.
[[0;32m  OK  [0m] Reached target Swap.
[   15.490922] systemd[1]: Reached target Encrypted Volumes.
[[0;32m  OK  [0m] Reached target Encrypted Volumes.
[   15.507947] systemd[1]: Listening on fsck to fsckd communication Socket.
[[0;32m  OK  [0m] Listening on fsck to fsckd communication Socket.
[   15.527620] systemd[1]: Started Trigger resolvconf update for networkd DNS.
[[0;32m  OK  [0m] Started Trigger resolvconf update for networkd DNS.
[   15.547693] systemd[1]: Listening on Device-mapper event daemon FIFOs.
[[0;32m  OK  [0m] Listening on Device-mapper event daemon FIFOs.
[   15.566877] systemd[1]: Started Forward Password Requests to Wall Directory Watch.
[[0;32m  OK  [0m] Started Forward Password Requests to Wall Directory Watch.
[   15.587797] systemd[1]: Listening on Journal Socket.
[[0;32m  OK  [0m] Listening on Journal Socket.
[   15.620975] systemd[1]: Mounting Debug File System...
         Mounting Debug File System...
[   15.637933] systemd[1]: Mounting POSIX Message Queue File System...
         Mounting POSIX Message Queue File System...
[   15.660194] systemd[1]: Starting Create list of required static device nodes for the current kernel...
         Starting Create list of required st... nodes for the current kernel...
[   15.686453] systemd[1]: Starting Set console keymap...
         Starting Set console keymap...
[   15.713928] systemd[1]: Starting Load Kernel Modules...
         Starting Load Kernel Modules...
[   15.760383] systemd[1]: Starting Nameserver information manager...
         Starting Nameserver information manager...
[   15.774396] systemd[1]: Listening on udev Control Socket.
[[0;32m  OK  [0m] Listening on udev Control Socket.
[   15.787631] systemd[1]: Listening on LVM2 metadata daemon socket.
[[0;32m  OK  [0m] Listening on LVM2 metadata daemon socket.
[   15.803194] systemd[1]: Starting Monitoring of LVM2 mirrors, snapshots etc. using dmeventd or progress polling...
         Starting Monitoring of LVM2 mirrors... dmeventd or progress polling...
[   15.825600] systemd[1]: Reached target System Time Synchronized.
[[0;32m  OK  [0m] Reached target System Time Synchronized.
[   15.842524] systemd[1]: Listening on udev Kernel Socket.
[[0;32m  OK  [0m] Listening on udev Kernel Socket.
[   15.874633] Loading iSCSI transport class v2.0-870.
[   15.884507] systemd[1]: Starting Uncomplicated firewall...
         Starting Uncomplicated firewall...
[   15.907463] systemd[1]: Created slice User and Session Slice.
[[0;32m  OK  [0m] Created slice User and Session Slice.
[   15.922563] systemd[1]: Reached target Slices.
[[0;32m  OK  [0m] Reached target Slices.
[   15.937949] systemd[1]: Listening on /dev/initctl Compatibility Named Pipe.
[[0;32m  OK  [0m] [   15.956397] iscsi: registered transport (tcp)
Listening on /dev/initctl Compatibility Named Pipe.
[   15.981414] systemd[1]: Mounting Huge Pages File System...
         Mounting Huge Pages File System...
[   15.999924] systemd[1]: Starting File System Check on Root Device...
         Starting File System Check on Root Device...
[   16.016111] systemd[1]: Listening on Syslog Socket.
[[0;32m  OK  [0m] Listening on Syslog Socket.
[   16.027998] systemd[1]: Listening on Journal Socket (/dev/log).
[[0;32m  OK  [0m] Listening on Journal Socket (/dev/log).
[   16.080901] systemd[1]: Starting Journal Service...
         Starting Journal Service...
[   16.094027] systemd[1]: Mounted Huge Pages File System.
[[0;32m  OK  [0m] Mounted Huge Pages File System.
[   16.108345] systemd[1]: Mounted POSIX Message Queue File System.
[[0;32m  OK  [0m] Mounted POSIX Message Queue File System.
[   16.125128] systemd[1]: Mounted Debug File System.
[[0;32m  OK  [0m] Mounted Debug File System.
[   16.137999] systemd[1]: Started Create list of required static device nodes for the current kernel.
[[0;32m  OK  [0m] Started Create list of required sta...ce nodes for the current kernel.
[   16.164065] systemd[1]: Started Set console keymap.
[[0;32m  OK  [0m] Started Set console keymap.
[   16.191004] systemd[1]: Started Uncomplicated firewall.
[[0;32m  OK  [0m] Started Uncomplicated firewall.
[   16.214990] systemd[1]: Started LVM2 metadata daemon.
[[0;32m  OK  [0m] Started LVM2 metadata daemon.
[   16.245717] systemd[1]: Started File System Check Daemon to report status.
[[0;32m  OK  [0m] Started File System Check Daemon to report status.
[   16.268343] systemd[1]: Starting Create Static Device Nodes in /dev...
         Starting Create Static Device Nodes in /dev...
[   16.290914] systemd[1]: Started Nameserver information manager.
[[0;32m  OK  [0m] Started Nameserver information manager.
[   16.443638] systemd[1]: Started File System Check on Root Device.
[[0;32m  OK  [0m] Started File System Check on Root Device.
[   16.467823] iscsi: registered transport (iser)
[   16.476711] systemd[1]: Starting Remount Root and Kernel File Systems...
         Starting Remount Root and Kernel File Systems...
[   16.494639] systemd[1]: Started Journal Service.
[   16.501982] EXT4-fs (sda1): re-mounted. Opts: (null)
[[0;32m  OK  [0m] Started Journal Service.
[[0;32m  OK  [0m] Started Load Kernel Modules.
[[0;32m  OK  [0m] Started Remount Root and Kernel File Systems.
         Starting Load/Save Random Seed...
         Starting udev Coldplug all Devices...
         Mounting FUSE Control File System...
         Starting Apply Kernel Variables...
         Starting Flush Journal to Persistent Storage...
[[0;32m  OK  [0m] Mounted FUSE Control File System.
[[0;32m  OK  [0m] Started Load/Save Random Seed.
[[0;32m  OK  [0m] Started Create Static Device Nodes in /dev.
[[0;32m  OK  [0m] Started udev Coldplug all Devices.
         Starting udev Kernel Device Manager...
[   16.778887] systemd-journald[400]: Received request to flush runtime journal from PID 1
[[0;32m  OK  [0m] Started Apply Kernel Variables.
[[0;32m  OK  [0m] Started Flush Journal to Persistent Storage.
[[0;32m  OK  [0m] Started Monitoring of LVM2 mirrors,...ng dmeventd or progress polling.
[[0;32m  OK  [0m] Reached target Local File Systems (Pre).
[[0;32m  OK  [0m] Reached target Local File Systems.
         Starting Tell Plymouth To Write Out Runtime Data...
         Starting Initial cloud-init job (pre-networking)...
         Starting Create Volatile Files and Directories...
         Starting Set console font and keymap...
         Starting LSB: AppArmor initialization...
[[0;32m  OK  [0m] Started Tell Plymouth To Write Out Runtime Data.
[[0;32m  OK  [0m] Started Create Volatile Files and Directories.
         Starting Update UTMP about System Boot/Shutdown...
[[0;32m  OK  [0m] Started Update UTMP about System Boot/Shutdown.
[[0;32m  OK  [0m] Started udev Kernel Device Manager.
[[0;32m  OK  [0m] Started Dispatch Password Requests to Console Directory Watch.
[[0;32m  OK  [0m] Found device /dev/ttyS0.
[[0;32m  OK  [0m] Listening on Load/Save RF Kill Switch Status /dev/rfkill Watch.
[[0;32m  OK  [0m] Found device 82540EM Gigabit Ethern...r (PRO/1000 MT Desktop Adapter).
[[0;32m  OK  [0m] Started LSB: AppArmor initialization.
         Starting Load AppArmor profiles managed internally by snapd...
[[0;32m  OK  [0m] Started Load AppArmor profiles managed internally by snapd.
[[0;32m  OK  [0m] Started Set console font and keymap.
[[0;32m  OK  [0m] Created slice system-getty.slice.
[   22.896028] cloud-init[480]: Cloud-init v. 21.1-19-gbad84ad4-0ubuntu1~16.04.2 running 'init-local' at Thu, 26 Jan 2023 09:30:48 +0000. Up 22.23 seconds.
[[0;32m  OK  [0m] Started Initial cloud-init job (pre-networking).
[[0;32m  OK  [0m] Reached target Network (Pre).
         Starting Raise network interfaces...
[[0;32m  OK  [0m] Started ifup for enp0s3.
[[0;32m  OK  [0m] Started Raise network interfaces.
[[0;32m  OK  [0m] Reached target Network.
         Starting Initial cloud-init job (metadata service crawler)...
[   24.535287] cloud-init[982]: Cloud-init v. 21.1-19-gbad84ad4-0ubuntu1~16.04.2 running 'init' at Thu, 26 Jan 2023 09:30:50 +0000. Up 23.84 seconds.
[   24.544539] cloud-init[982]: ci-info: ++++++++++++++++++++++++++++++++++++++Net device info++++++++++++++++++++++++++++++++++++++
[   24.553310] cloud-init[982]: ci-info: +--------+------+----------------------------+---------------+--------+-------------------+
[   24.561217] cloud-init[982]: ci-info: | Device |  Up  |          Address           |      Mask     | Scope  |     Hw-Address    |
[   24.569430] cloud-init[982]: ci-info: +--------+------+----------------------------+---------------+--------+-------------------+
[   24.577240] cloud-init[982]: ci-info: | enp0s3 | True |         10.0.2.15          | 255.255.255.0 | global | 02:be:82:6b:cc:1d |
[   24.588612] cloud-init[982]: ci-info: | enp0s3 | True | fe80::be:82ff:fe6b:cc1d/64 |       .       |  link  | 02:be:82:6b:cc:1d |
[   24.597568] cloud-init[982]: ci-info: |   lo   | True |         127.0.0.1          |   255.0.0.0   |  host  |         .         |
[   24.605782] cloud-init[982]: ci-info: |   lo   | True |          ::1/128           |       .       |  host  |         .         |
[   24.614393] cloud-init[982]: ci-info: +--------+------+----------------------------+---------------+--------+-------------------+
[   24.623532] cloud-init[982]: ci-info: +++++++++++++++++++++++++++Route IPv4 info++++++++++++++++++++++++++++
[   24.632454] cloud-init[982]: ci-info: +-------+-------------+----------+---------------+-----------+-------+
[   24.641177] cloud-init[982]: ci-info: | Route | Destination | Gateway  |    Genmask    | Interface | Flags |
[   24.652017] cloud-init[982]: ci-info: +-------+-------------+----------+---------------+-----------+-------+
[   24.660419] cloud-init[982]: ci-info: |   0   |   0.0.0.0   | 10.0.2.2 |    0.0.0.0    |   enp0s3  |   UG  |
[   24.669330] cloud-init[982]: ci-info: |   1   |   10.0.2.0  | 0.0.0.0  | 255.255.255.0 |   enp0s3  |   U   |
[   24.677657] cloud-init[982]: ci-info: +-------+-------------+----------+---------------+-----------+-------+
[[0;32m  OK  [0m] Started Initial cloud-init job (metadata service crawler).
[[0;32m  OK  [0m] Reached target Network is Online.
[   24.685640] cloud-init[982]: ci-info: +++++++++++++++++++Route IPv6 info+++++++++++++++++++
[   24.698839] cloud-init[982]: ci-info: +-------+-------------+---------+-----------+-------+
         Starting iSCSI initiator daemon (iscsid)...
[[0;32m  OK  [0m] Reached target System Initialization.
[   24.706332] cloud-init[982]: ci-info: | Route | Destination | Gateway | Interface | Flags |
[   24.714862] cloud-init[982]: ci-info: +-------+-------------+---------+-----------+-------+
[   24.714932] cloud-init[982]: ci-info: |   0   |  fe80::/64  |    ::   |   enp0s3  |   U   |
[   24.714985] cloud-init[982]: [[0;32m  OK  [0m] Listening on ACPID Listen Socket.
ci-info: |   3   |   ff00::/8  |    ::   |   enp0s3  |   U   |
[   24.733833] cloud-init[982]: ci-info: +-------+-------------+---------+-----------+-------+
[[0;32m  OK  [0m] Started ACPI Events Check.
[[0;32m  OK  [0m] Reached target Paths.
[[0;32m  OK  [0m] Listening on UUID daemon activation socket.
[[0;32m  OK  [0m] Started Message of the Day.
[[0;32m  OK  [0m] Started Daily apt download activities.
[[0;32m  OK  [0m] Listening on D-Bus System Message Bus Socket.
         Starting LXD - unix socket.
[[0;32m  OK  [0m] Started Daily apt upgrade and clean activities.
[[0;32m  OK  [0m] Started Ubuntu Advantage update messaging.
[[0;32m  OK  [0m] Started Daily Cleanup of Temporary Directories.
[[0;32m  OK  [0m] Reached target Timers.
         Starting Socket activation for snappy daemon.
[[0;32m  OK  [0m] Reached target Cloud-config availability.
[[0;32m  OK  [0m] Listening on LXD - unix socket.
[[0;32m  OK  [0m] Listening on Socket activation for snappy daemon.
[[0;32m  OK  [0m] Reached target Sockets.
[[0;32m  OK  [0m] Reached target Basic System.
[[0;32m  OK  [0m] Started Deferred execution scheduler.
         Starting System Logging Service...
         Starting /etc/rc.local Compatibility...
[[0;32m  OK  [0m] Started ACPI event daemon.
[[0;32m  OK  [0m] Started D-Bus System Message Bus.
         Starting OpenBSD Secure Shell server...
         Starting Login Service...
         Starting Accounts Service...
         Starting LSB: Record successful boot for GRUB...
         Starting Snap Daemon...
         Starting Virtualbox guest utils...
[[0;32m  OK  [0m] Started Regular background program processing daemon.
         Starting LSB: MD monitoring daemon...
[[0;32m  OK  [0m] Started FUSE filesystem for LXC.
         Starting LXD - container startup/shutdown...
[[0;32m  OK  [0m] Started System Logging Service.
[[0;32m  OK  [0m] Started iSCSI initiator daemon (iscsid).
[[0;32m  OK  [0m] Started /etc/rc.local Compatibility.
         Starting Login to default iSCSI targets...
[[0;32m  OK  [0m] Started Login Service.
[[0;32m  OK  [0m] Started Unattended Upgrades Shutdown.
[[0;32m  OK  [0m] Started Login to default iSCSI targets.
[[0;32m  OK  [0m] Reached target Remote File Systems (Pre).
         Mounting /vagrant...
[[0;32m  OK  [0m] Started LSB: Record successful boot for GRUB.
[[0;1;31mFAILED[0m] Failed to mount /vagrant.
See 'systemctl status vagrant.mount' for details.
[[0;1;33mDEPEND[0m] Dependency failed for Remote File Systems.
         Starting LSB: Set the CPU Frequency Scaling governor to "ondemand"...
         Starting LSB: daemon to balance interrupts for SMP systems...
         Starting Permit User Sessions...
         Starting LSB: automatic crash report generation...
[[0;32m  OK  [0m] Started LSB: Set the CPU Frequency Scaling governor to "ondemand".
[[0;32m  OK  [0m] Started Permit User Sessions.
         Starting Terminate Plymouth Boot Screen...
         Starting Hold until boot process finishes up...
[[0;32m  OK  [0m] Started Terminate Plymouth Boot Screen.
[[0;32m  OK  [0m] Started Hold until boot process finishes up.
[[0;32m  OK  [0m] Started Serial Getty on ttyS0.
[[0;32m  OK  [0m] Started Getty on tty1.
[[0;32m  OK  [0m] Reached target Login Prompts.
         Starting Set console scheme...
[[0;32m  OK  [0m] Started LSB: MD monitoring daemon.
[[0;32m  OK  [0m] Started Set console scheme.
[[0;32m  OK  [0m] Started LSB: daemon to balance interrupts for SMP systems.
[[0;32m  OK  [0m] Started LSB: automatic crash report generation.
[[0;32m  OK  [0m] Started OpenBSD Secure Shell server.
         Starting Authenticate and Authorize Users to Run Privileged Tasks...
[[0;32m  OK  [0m] Started Virtualbox guest utils.
[[0;32m  OK  [0m] Started Authenticate and Authorize Users to Run Privileged Tasks.
[[0;32m  OK  [0m] Started Accounts Service.
[[0;32m  OK  [0m] Created slice User Slice of vagrant.
         Starting User Manager for UID 1000...
[[0;32m  OK  [0m] Started Session 1 of user vagrant.
[[0;32m  OK  [0m] Started User Manager for UID 1000.
[[0;32m  OK  [0m] Started LXD - container startup/shutdown.
[[0;32m  OK  [0m] Started Snap Daemon.
         Starting Wait until snapd is fully seeded...
[[0;32m  OK  [0m] Started Wait until snapd is fully seeded.
[[0;32m  OK  [0m] Reached target Multi-User System.
[[0;32m  OK  [0m] Reached target Graphical Interface.
         Starting Update UTMP about System Runlevel Changes...
         Starting Apply the settings specified in cloud-config...
[[0;32m  OK  [0m] Started Update UTMP about System Runlevel Changes.
[   31.437938] cloud-init[1305]: Cloud-init v. 21.1-19-gbad84ad4-0ubuntu1~16.04.2 running 'modules:config' at Thu, 26 Jan 2023 09:30:57 +0000. Up 31.25 seconds.

Ubuntu 16.04.7 LTS ubuntu-xenial ttyS0

ubuntu-xenial login: [   32.558018] cloud-init[1322]: Cloud-init v. 21.1-19-gbad84ad4-0ubuntu1~16.04.2 running 'modules:final' at Thu, 26 Jan 2023 09:30:58 +0000. Up 31.97 seconds.
[   32.558782] cloud-init[1322]: Cloud-init v. 21.1-19-gbad84ad4-0ubuntu1~16.04.2 finished at Thu, 26 Jan 2023 09:30:59 +0000. Datasource DataSourceNoCloud [seed=/dev/sdb][dsmode=net].  Up 32.54 seconds
